// Jest Snapshot v1, https://goo.gl/fbAQLP

exports[`should render header container 1`] = `
<header
  className="header"
>
  <HeaderDesktop />
</header>
`;
